=== SUPABASE MARKETING VERIFICATION ===

[STEP 1] Checking table access...
ERROR: Unknown error
CODE: undefined
HINT: none
DETAILS: "none"

This error usually means RLS is blocking access.
The Service Role Key should bypass RLS automatically.
